

*******************************************************************************
Mon Mar 23 12:43:59 2026


FIT:    data read from "data.dat"
        format = z
        x range restricted to [0.00000 : *]
        #datapoints = 13
        residuals are weighted equally (unit weight)

function used for fitting: f(x)
	f(x) = a*x**3
fitted parameters initialized with current variable values

iter      chisq       delta/lim  lambda   a            
   0 1.5500236028e+15   0.00e+00  1.09e+07    1.000000e+00
   5 3.7715381383e-05  -4.37e-09  1.09e+02    6.978176e-10

After 5 iterations the fit converged.
final sum of squares of residuals : 3.77154e-05
rel. change during last iteration : -4.36594e-14

degrees of freedom    (FIT_NDF)                        : 12
rms of residuals      (FIT_STDFIT) = sqrt(WSSR/ndf)    : 0.00177284
variance of residuals (reduced chisquare) = WSSR/ndf   : 3.14295e-06

Final set of parameters            Asymptotic Standard Error
=======================            ==========================
a               = 6.97818e-10      +/- 4.503e-11    (6.453%)


*******************************************************************************
Mon Mar 23 12:47:01 2026


FIT:    data read from "data.dat"
        format = z
        x range restricted to [0.00000 : *]
        #datapoints = 50
        residuals are weighted equally (unit weight)

function used for fitting: f(x)
	f(x) = a*x**3
fitted parameters initialized with current variable values

iter      chisq       delta/lim  lambda   a            
   0 1.1957587190e+17   0.00e+00  4.89e+07    1.000000e+00
   5 6.7605262873e-05   0.00e+00  4.89e+05    5.262062e-10

After 5 iterations the fit converged.
final sum of squares of residuals : 6.76053e-05
rel. change during last iteration : 0

degrees of freedom    (FIT_NDF)                        : 49
rms of residuals      (FIT_STDFIT) = sqrt(WSSR/ndf)    : 0.00117461
variance of residuals (reduced chisquare) = WSSR/ndf   : 1.3797e-06

Final set of parameters            Asymptotic Standard Error
=======================            ==========================
a               = 5.26206e-10      +/- 3.397e-12    (0.6455%)


*******************************************************************************
Mon Mar 23 12:58:13 2026


FIT:    data read from "data.dat"
        format = z
        x range restricted to [0.00000 : *]
        #datapoints = 50
        residuals are weighted equally (unit weight)

function used for fitting: f(x)
	f(x) = a*x**3
fitted parameters initialized with current variable values

iter      chisq       delta/lim  lambda   a            
   0 1.1957587190e+17   0.00e+00  4.89e+07    1.000000e+00
   5 2.7180648168e-04  -3.99e-11  4.89e+02    5.383969e-10

After 5 iterations the fit converged.
final sum of squares of residuals : 0.000271806
rel. change during last iteration : -3.98888e-16

degrees of freedom    (FIT_NDF)                        : 49
rms of residuals      (FIT_STDFIT) = sqrt(WSSR/ndf)    : 0.00235522
variance of residuals (reduced chisquare) = WSSR/ndf   : 5.54707e-06

Final set of parameters            Asymptotic Standard Error
=======================            ==========================
a               = 5.38397e-10      +/- 6.811e-12    (1.265%)


*******************************************************************************
Mon Mar 23 12:58:22 2026


FIT:    data read from "data.dat"
        format = z
        x range restricted to [0.00000 : *]
        #datapoints = 50
        residuals are weighted equally (unit weight)

function used for fitting: f(x)
	f(x) = a*x**3
fitted parameters initialized with current variable values

iter      chisq       delta/lim  lambda   a            
   0 1.1957587190e+17   0.00e+00  4.89e+07    1.000000e+00
   5 2.7180648168e-04  -3.99e-11  4.89e+02    5.383969e-10

After 5 iterations the fit converged.
final sum of squares of residuals : 0.000271806
rel. change during last iteration : -3.98888e-16

degrees of freedom    (FIT_NDF)                        : 49
rms of residuals      (FIT_STDFIT) = sqrt(WSSR/ndf)    : 0.00235522
variance of residuals (reduced chisquare) = WSSR/ndf   : 5.54707e-06

Final set of parameters            Asymptotic Standard Error
=======================            ==========================
a               = 5.38397e-10      +/- 6.811e-12    (1.265%)


*******************************************************************************
Mon Mar 23 12:58:28 2026


FIT:    data read from "data.dat"
        format = z
        x range restricted to [0.00000 : *]
        #datapoints = 50
        residuals are weighted equally (unit weight)

function used for fitting: f(x)
	f(x) = a*x**3
fitted parameters initialized with current variable values

iter      chisq       delta/lim  lambda   a            
   0 1.1957587190e+17   0.00e+00  4.89e+07    1.000000e+00
   5 4.8344158524e-05   0.00e+00  4.89e+02    5.213268e-10

After 5 iterations the fit converged.
final sum of squares of residuals : 4.83442e-05
rel. change during last iteration : 0

degrees of freedom    (FIT_NDF)                        : 49
rms of residuals      (FIT_STDFIT) = sqrt(WSSR/ndf)    : 0.000993285
variance of residuals (reduced chisquare) = WSSR/ndf   : 9.86615e-07

Final set of parameters            Asymptotic Standard Error
=======================            ==========================
a               = 5.21327e-10      +/- 2.872e-12    (0.551%)
